Vivado Simulator v2025.2
Copyright 1986-2022 Xilinx, Inc. All Rights Reserved.
Copyright 2022-2025 Advanced Micro Devices, Inc. All Rights Reserved.
Running: /home/daniel455/Vivado/2025.2/Vivado/bin/unwrapped/lnx64.o/xelab -L uvm -relax -debug typical -top tb_top -snapshot gpio_sim_snapshot 
Multi-threading is on. Using 14 slave threads.
WARNING: [XSIM 43-3431] One or more environment variables have been detected which affect the operation of the C compiler. These are typically not set in standard installations and are not tested by AMD, however they may be appropriate for your system, so the flow will attempt to continue.  If errors occur, try running xelab with the "-mt off -v 1" switches to see more information from the C compiler. The following environment variables have been detected:
Starting static elaboration
Pass Through NonSizing Optimizer
WARNING: [VRFC 10-3818] variable 'paddr_reg' is driven by invalid combination of procedural drivers [/home/daniel455/GPIO_UVM/dut/AXI2APB.sv:74]
WARNING: [VRFC 10-2921] 'paddr_reg' driven by this always_ff block should not be driven by any other process [/home/daniel455/GPIO_UVM/dut/AXI2APB.sv:79]
WARNING: [VRFC 10-3818] variable 'awready_reg' is driven by invalid combination of procedural drivers [/home/daniel455/GPIO_UVM/dut/AXI2APB.sv:56]
WARNING: [VRFC 10-3818] variable 'wready_reg' is driven by invalid combination of procedural drivers [/home/daniel455/GPIO_UVM/dut/AXI2APB.sv:58]
WARNING: [VRFC 10-3818] variable 'bvalid_reg' is driven by invalid combination of procedural drivers [/home/daniel455/GPIO_UVM/dut/AXI2APB.sv:62]
WARNING: [VRFC 10-3818] variable 'arready_reg' is driven by invalid combination of procedural drivers [/home/daniel455/GPIO_UVM/dut/AXI2APB.sv:64]
WARNING: [VRFC 10-3818] variable 'rvalid_reg' is driven by invalid combination of procedural drivers [/home/daniel455/GPIO_UVM/dut/AXI2APB.sv:70]
Completed static elaboration
Starting simulation data flow analysis
WARNING: [XSIM 43-4099] "/proj/primebuilds/9999.0_PRIME_0428_0031/installs/data/system_verilog/uvm_1.2/xlnx_uvm_package.sv" Line 4356. Module uvm_pkg doesn't have a timescale but at least one module in design has a timescale.
WARNING: [XSIM 43-4099] "/home/daniel455/GPIO_UVM/sim/gpio_pkg.sv" Line 1. Module gpio_pkg doesn't have a timescale but at least one module in design has a timescale.
Completed simulation data flow analysis
Time Resolution for simulation is 1ps
Compiling package work.$unit_gpio_pkg_sv_1096122956
Compiling package uvm.uvm_pkg
Compiling package std.std
Compiling package work.gpio_pkg
Compiling module work.drv_cb
Compiling module work.axi_if_default
Compiling module work.AXI2APB
Compiling module work.GPIO_SFR_DEC
Compiling module work.SFR
Compiling module work.GPIO_SFR
Compiling module work.GPIO_DEC_PAD_INPUT
Compiling module work.GPIO
Compiling module work.pad_1
Compiling module work.PAD
Compiling module work.TOP
Compiling module work.tb_top
Built simulation snapshot gpio_sim_snapshot
