#-----------------------------------------------------------
# xsim v2025.2 (64-bit)
# SW Build 6299465 on Fri Nov 14 12:34:56 MST 2025
# IP Build 6300035 on Fri Nov 14 10:48:45 MST 2025
# SharedData Build 6298862 on Thu Nov 13 04:50:51 MST 2025
# Start of session at: Sun Mar 29 18:31:01 2026
# Process ID         : 4415
# Current directory  : /home/daniel455/GPIO_UVM/sim
# Command line       : xsim -mode tcl -source {xsim.dir/gpio_sim_snapshot/xsim_script.tcl}
# Log file           : /home/daniel455/GPIO_UVM/sim/xsim.log
# Journal file       : /home/daniel455/GPIO_UVM/sim/xsim.jou
# Running On         : daniel455
# Platform           : Ubuntu
# Operating System   : Ubuntu 22.04.5 LTS
# Processor Detail   : AMD Ryzen 7 5800X 8-Core Processor
# CPU Frequency      : 3872.321 MHz
# CPU Physical cores : 8
# CPU Logical cores  : 16
# Host memory        : 16682 MB
# Swap memory        : 0 MB
# Total Virtual      : 16682 MB
# Available Virtual  : 14454 MB
#-----------------------------------------------------------
source xsim.dir/gpio_sim_snapshot/xsim_script.tcl
run -all
